书源总数: 344（DB: C:\Users\chong\pr-review\reader-dev\target\search-test\storage\reader.db）
  进度 25/344  用时 13s（1.89 源/s）
  进度 50/344  用时 21s（2.38 源/s）
  进度 75/344  用时 30s（2.47 源/s）
  进度 100/344  用时 41s（2.45 源/s）
  进度 125/344  用时 57s（2.19 源/s）
  进度 150/344  用时 69s（2.16 源/s）
  进度 175/344  用时 83s（2.12 源/s）
  进度 200/344  用时 93s（2.16 源/s）
  进度 225/344  用时 104s（2.16 源/s）
  进度 250/344  用时 114s（2.19 源/s）
  进度 275/344  用时 124s（2.22 源/s）
  进度 300/344  用时 135s（2.23 源/s）
  进度 325/344  用时 144s（2.25 源/s）
  进度 344/344  用时 164s（2.09 源/s）

======================================================================
审计完成：344 源，总用时 164s
  normal: 73
  site_down: 13
  rule_engine_error: 245
  no_search_url: 12
  audit_error: 1
  站点挂了明细: {'http_403': 10, 'timeout': 2, 'network': 1}
  引擎问题明细: {'zero_results': 114, 'js': 70, 'other': 61}
======================================================================
报告: C:\Users\chong\pr-review\reader-dev\scripts\source-audit-report.json
报告: C:\Users\chong\pr-review\reader-dev\scripts\source-audit-report.md
